Component: ARM Compiler 6.16 Tool: armlink [5dfeaa00]

==============================================================================

Section Cross References

    main.o(.text.display) refers to main.o(.bss.totaltime) for totaltime
    main.o(.text.display) refers to main.o(.rodata.str1.1) for .L.str.1
    main.o(.text.display) refers to main.o(.bss.str) for str
    main.o(.text.display) refers to sprintf.o(.text) for sprintf
    main.o(.text.display) refers to usart.o(.text.UART_SendString) for UART_SendString
    main.o(.text.display) refers to main.o(.bss.i) for i
    main.o(.text.display) refers to main.o(.data.display.prevState) for display.prevState
    main.o(.text.display) refers to main.o(.data.display.prevTime) for display.prevTime
    main.o(.ARM.exidx.text.display) refers to main.o(.text.display) for [Anonymous Symbol]
    main.o(.ARM.exidx.text.GPIO_Config) refers to main.o(.text.GPIO_Config) for [Anonymous Symbol]
    main.o(.text.TIM6Config) refers to main.o(.text.__NVIC_EnableIRQ) for __NVIC_EnableIRQ
    main.o(.ARM.exidx.text.TIM6Config) refers to main.o(.text.TIM6Config) for [Anonymous Symbol]
    main.o(.ARM.exidx.text.__NVIC_EnableIRQ) refers to main.o(.text.__NVIC_EnableIRQ) for [Anonymous Symbol]
    main.o(.text.parseString) refers to main.o(.bss.trf) for trf
    main.o(.text.parseString) refers to main.o(.bss.s3) for s3
    main.o(.text.parseString) refers to main.o(.rodata.str1.1) for .L.str.12
    main.o(.text.parseString) refers to main.o(.bss.s1) for s1
    main.o(.text.parseString) refers to main.o(.bss.s2) for s2
    main.o(.text.parseString) refers to sscanf.o(.text) for sscanf
    main.o(.text.parseString) refers to strcmpv7em.o(.text) for strcmp
    main.o(.text.parseString) refers to main.o(.data.T1) for T1
    main.o(.text.parseString) refers to main.o(.data.R1) for R1
    main.o(.text.parseString) refers to main.o(.data.Y1) for Y1
    main.o(.text.parseString) refers to main.o(.data.G1) for G1
    main.o(.text.parseString) refers to main.o(.bss.ch3) for ch3
    main.o(.text.parseString) refers to main.o(.bss.ch2) for ch2
    main.o(.text.parseString) refers to main.o(.bss.ch1) for ch1
    main.o(.text.parseString) refers to main.o(.data.T2) for T2
    main.o(.text.parseString) refers to main.o(.data.R2) for R2
    main.o(.text.parseString) refers to main.o(.data.Y2) for Y2
    main.o(.text.parseString) refers to main.o(.data.G2) for G2
    main.o(.text.parseString) refers to main.o(.data.in) for in
    main.o(.text.parseString) refers to main.o(.bss.str) for str
    main.o(.text.parseString) refers to sprintf.o(.text) for sprintf
    main.o(.text.parseString) refers to usart.o(.text.UART_SendString) for UART_SendString
    main.o(.ARM.exidx.text.parseString) refers to main.o(.text.parseString) for [Anonymous Symbol]
    main.o(.text.TIM6_DAC_IRQHandler) refers to main.o(.bss.totaltime) for totaltime
    main.o(.text.TIM6_DAC_IRQHandler) refers to main.o(.data.in) for in
    main.o(.text.TIM6_DAC_IRQHandler) refers to main.o(.text.display) for display
    main.o(.ARM.exidx.text.TIM6_DAC_IRQHandler) refers to main.o(.text.TIM6_DAC_IRQHandler) for [Anonymous Symbol]
    main.o(.text.getString) refers to usart.o(.text.UART_GetChar) for UART_GetChar
    main.o(.text.getString) refers to main.o(.bss.input_buff) for input_buff
    main.o(.text.getString) refers to main.o(.bss.flag) for flag
    main.o(.ARM.exidx.text.getString) refers to main.o(.text.getString) for [Anonymous Symbol]
    main.o(.text.USART2_IRQHandler) refers to main.o(.text.getString) for getString
    main.o(.ARM.exidx.text.USART2_IRQHandler) refers to main.o(.text.USART2_IRQHandler) for [Anonymous Symbol]
    main.o(.text.UART4_IRQHandler) refers to main.o(.bss.out_idx) for out_idx
    main.o(.text.UART4_IRQHandler) refers to main.o(.bss.output_buff) for output_buff
    main.o(.text.UART4_IRQHandler) refers to main.o(.text.parseString) for parseString
    main.o(.text.UART4_IRQHandler) refers to main.o(.bss.in_idx) for in_idx
    main.o(.text.UART4_IRQHandler) refers to main.o(.bss.input_buff) for input_buff
    main.o(.ARM.exidx.text.UART4_IRQHandler) refers to main.o(.text.UART4_IRQHandler) for [Anonymous Symbol]
    main.o(.text.UART5_IRQHandler) refers to main.o(.bss.out_idx) for out_idx
    main.o(.text.UART5_IRQHandler) refers to main.o(.bss.output_buff) for output_buff
    main.o(.text.UART5_IRQHandler) refers to main.o(.bss.in_idx) for in_idx
    main.o(.text.UART5_IRQHandler) refers to main.o(.bss.input_buff) for input_buff
    main.o(.ARM.exidx.text.UART5_IRQHandler) refers to main.o(.text.UART5_IRQHandler) for [Anonymous Symbol]
    main.o(.text.UART5toUART4) refers to main.o(.bss.in_idx) for in_idx
    main.o(.text.UART5toUART4) refers to main.o(.bss.out_idx) for out_idx
    main.o(.text.UART5toUART4) refers to main.o(.bss.input_buff) for input_buff
    main.o(.text.UART5toUART4) refers to strlen.o(.text) for strlen
[...]
    x$fpl$dcmpinf                            0x080049c8   Section       24  dcmpi.o(x$fpl$dcmpinf)
    $v0                                      0x080049e0   Number         0  deqf.o(x$fpl$deqf)
    x$fpl$deqf                               0x080049e0   Section      120  deqf.o(x$fpl$deqf)
    $v0                                      0x08004a58   Number         0  dleqf.o(x$fpl$dleqf)
    x$fpl$dleqf                              0x08004a58   Section      120  dleqf.o(x$fpl$dleqf)
    $v0                                      0x08004ad0   Number         0  dmul.o(x$fpl$dmul)
    x$fpl$dmul                               0x08004ad0   Section      340  dmul.o(x$fpl$dmul)
    $v0                                      0x08004c24   Number         0  dnaninf.o(x$fpl$dnaninf)
    x$fpl$dnaninf                            0x08004c24   Section      156  dnaninf.o(x$fpl$dnaninf)
    $v0                                      0x08004cc0   Number         0  dretinf.o(x$fpl$dretinf)
    x$fpl$dretinf                            0x08004cc0   Section       12  dretinf.o(x$fpl$dretinf)
    $v0                                      0x08004ccc   Number         0  drleqf.o(x$fpl$drleqf)
    x$fpl$drleqf                             0x08004ccc   Section      108  drleqf.o(x$fpl$drleqf)
    $v0                                      0x08004d38   Number         0  fpinit.o(x$fpl$fpinit)
    x$fpl$fpinit                             0x08004d38   Section       26  fpinit.o(x$fpl$fpinit)
    $v0                                      0x08004d52   Number         0  fretinf.o(x$fpl$fretinf)
    x$fpl$fretinf                            0x08004d52   Section       10  fretinf.o(x$fpl$fretinf)
    $v0                                      0x08004d5c   Number         0  istatus.o(x$fpl$ieeestatus)
    x$fpl$ieeestatus                         0x08004d5c   Section        6  istatus.o(x$fpl$ieeestatus)
    $v0                                      0x08004d62   Number         0  printf1.o(x$fpl$printf1)
    x$fpl$printf1                            0x08004d62   Section        4  printf1.o(x$fpl$printf1)
    $v0                                      0x08004d66   Number         0  printf2.o(x$fpl$printf2)
    x$fpl$printf2                            0x08004d66   Section        4  printf2.o(x$fpl$printf2)
    $v0                                      0x08004d6a   Number         0  retnan.o(x$fpl$retnan)
    x$fpl$retnan                             0x08004d6a   Section      100  retnan.o(x$fpl$retnan)
    $v0                                      0x08004dce   Number         0  scalbn.o(x$fpl$scalbn)
    x$fpl$scalbn                             0x08004dce   Section       92  scalbn.o(x$fpl$scalbn)
    $v0                                      0x08004e2a   Number         0  scanf1.o(x$fpl$scanf1)
    x$fpl$scanf1                             0x08004e2a   Section        4  scanf1.o(x$fpl$scanf1)
    $v0                                      0x08004e2e   Number         0  scanf2.o(x$fpl$scanf2)
    x$fpl$scanf2                             0x08004e2e   Section        8  scanf2.o(x$fpl$scanf2)
    $v0                                      0x08004e36   Number         0  trapv.o(x$fpl$trapveneer)
    x$fpl$trapveneer                         0x08004e36   Section       48  trapv.o(x$fpl$trapveneer)
    x$fpl$usenofp                            0x08004e66   Section        0  usenofp.o(x$fpl$usenofp)
    initial_mbstate                          0x08004e68   Data           8  _printf_wctomb.o(.constdata)
    .constdata                               0x08004e68   Section        8  _printf_wctomb.o(.constdata)
    uc_hextab                                0x08004e70   Data          20  _printf_hex_int_ll_ptr.o(.constdata)
    .constdata                               0x08004e70   Section       40  _printf_hex_int_ll_ptr.o(.constdata)
    lc_hextab                                0x08004e84   Data          20  _printf_hex_int_ll_ptr.o(.constdata)
    maptable                                 0x08004e98   Data          17  __printf_flags_ss_wp.o(.constdata)
    .constdata                               0x08004e98   Section       17  __printf_flags_ss_wp.o(.constdata)
    lc_hextab                                0x08004ea9   Data          19  _printf_fp_hex.o(.constdata)
    .constdata                               0x08004ea9   Section       38  _printf_fp_hex.o(.constdata)
    uc_hextab                                0x08004ebc   Data          19  _printf_fp_hex.o(.constdata)
    tenpwrs_x                                0x08004ed0   Data          60  bigflt0.o(.constdata)
    .constdata                               0x08004ed0   Section      148  bigflt0.o(.constdata)
    tenpwrs_i                                0x08004f0c   Data          64  bigflt0.o(.constdata)
    .L.str.23                                0x08004f64   Data          14  main.o(.rodata.str1.1)
    [Anonymous Symbol]                       0x08004f64   Section        0  main.o(.rodata.str1.1)
    .L.str.19                                0x08004f72   Data          35  main.o(.rodata.str1.1)
    .L.str.20                                0x08004f95   Data          35  main.o(.rodata.str1.1)
    .L.str.21                                0x08004fb8   Data          20  main.o(.rodata.str1.1)
    .L.str.5                                 0x08004fca   Data           2  main.o(.rodata.str1.1)
    .L.str.7                                 0x08004fcc   Data           8  main.o(.rodata.str1.1)
    .L.str.4                                 0x08004fd4   Data           7  main.o(.rodata.str1.1)
    .L.str.1                                 0x08004fd7   Data           4  main.o(.rodata.str1.1)
    .L.str.3                                 0x08004fdb   Data           7  main.o(.rodata.str1.1)
    .L.str.2                                 0x08004fdf   Data           3  main.o(.rodata.str1.1)
    .L.str.10                                0x08004fe2   Data           6  main.o(.rodata.str1.1)
    .L.str.9                                 0x08004fe8   Data           6  main.o(.rodata.str1.1)
    .L.str.15                                0x08004fee   Data          33  main.o(.rodata.str1.1)
    .L.str.12                                0x0800500f   Data          12  main.o(.rodata.str1.1)
    .L.str.17                                0x0800501b   Data           5  main.o(.rodata.str1.1)
    .L.str.13                                0x08005020   Data           7  main.o(.rodata.str1.1)
    .L.str.16                                0x08005027   Data           8  main.o(.rodata.str1.1)
    .L.str.11                                0x0800502f   Data          23  main.o(.rodata.str1.1)
    .L.str                                   0x08005046   Data          25  main.o(.rodata.str1.1)
    .L.str.6                                 0x0800505f   Data          25  main.o(.rodata.str1.1)
    .L.str.8                                 0x08005078   Data          21  main.o(.rodata.str1.1)
    .L.str.18                                0x0800508d   Data           5  main.o(.rodata.str1.1)
    .L.str.14                                0x08005092   Data           6  main.o(.rodata.str1.1)
    .L.str.22                                0x08005097   Data           1  main.o(.rodata.str1.1)
    c$$dinf                                  0x080050b8   Section        8  fpconst.o(c$$dinf)
    c$$dmax                                  0x080050c0   Section        8  fpconst.o(c$$dmax)
    locale$$data                             0x080050c8   Section       28  lc_numeric_c.o(locale$$data)
    __lcnum_c_name                           0x080050cc   Data           2  lc_numeric_c.o(locale$$data)
    __lcnum_c_start                          0x080050d4   Data           0  lc_numeric_c.o(locale$$data)
    __lcnum_c_point                          0x080050e0   Data           0  lc_numeric_c.o(locale$$data)
    __lcnum_c_thousands                      0x080050e2   Data           0  lc_numeric_c.o(locale$$data)
    __lcnum_c_grouping                       0x080050e3   Data           0  lc_numeric_c.o(locale$$data)
    __lcnum_c_end                            0x080050e4   Data           0  lc_numeric_c.o(locale$$data)
    locale$$data                             0x080050e4   Section      272  lc_ctype_c.o(locale$$data)
    __lcctype_c_name                         0x080050e8   Data           2  lc_ctype_c.o(locale$$data)
    __lcctype_c_start                        0x080050f0   Data           0  lc_ctype_c.o(locale$$data)
    __lcctype_c_end                          0x080051f4   Data           0  lc_ctype_c.o(locale$$data)
    G1                                       0x20000000   Data           4  main.o(.data.G1)
    [Anonymous Symbol]                       0x20000000   Section        0  main.o(.data.G1)
    G2                                       0x20000004   Data           4  main.o(.data.G2)
    [Anonymous Symbol]                       0x20000004   Section        0  main.o(.data.G2)
    R1                                       0x20000008   Data           4  main.o(.data.R1)
    [Anonymous Symbol]                       0x20000008   Section        0  main.o(.data.R1)
    R2                                       0x2000000c   Data           4  main.o(.data.R2)
    [Anonymous Symbol]                       0x2000000c   Section        0  main.o(.data.R2)
    T1                                       0x20000010   Data           4  main.o(.data.T1)
    [Anonymous Symbol]                       0x20000010   Section        0  main.o(.data.T1)
    T2                                       0x20000014   Data           4  main.o(.data.T2)
    [Anonymous Symbol]                       0x20000014   Section        0  main.o(.data.T2)
    Y1                                       0x20000018   Data           4  main.o(.data.Y1)
    [Anonymous Symbol]                       0x20000018   Section        0  main.o(.data.Y1)
    Y2                                       0x2000001c   Data           4  main.o(.data.Y2)
    [Anonymous Symbol]                       0x2000001c   Section        0  main.o(.data.Y2)
    display.prevState                        0x20000020   Data           8  main.o(.data.display.prevState)
    [Anonymous Symbol]                       0x20000020   Section        0  main.o(.data.display.prevState)
    display.prevTime                         0x20000028   Data           8  main.o(.data.display.prevTime)
    [Anonymous Symbol]                       0x20000028   Section        0  main.o(.data.display.prevTime)
    in                                       0x20000030   Data           4  main.o(.data.in)
    [Anonymous Symbol]                       0x20000030   Section        0  main.o(.data.in)
    .bss                                     0x20000038   Section      228  rand.o(.bss)
    .bss                                     0x2000011c   Section       96  libspace.o(.bss)
    ch1                                      0x2000017c   Data           1  main.o(.bss.ch1)
    [Anonymous Symbol]                       0x2000017c   Section        0  main.o(.bss.ch1)
    ch2                                      0x2000017d   Data           1  main.o(.bss.ch2)
    [Anonymous Symbol]                       0x2000017d   Section        0  main.o(.bss.ch2)
    ch3                                      0x2000017e   Data           1  main.o(.bss.ch3)
    [Anonymous Symbol]                       0x2000017e   Section        0  main.o(.bss.ch3)
    flag                                     0x20000180   Data           4  main.o(.bss.flag)
    [Anonymous Symbol]                       0x20000180   Section        0  main.o(.bss.flag)
    i                                        0x20000184   Data           4  main.o(.bss.i)
    [Anonymous Symbol]                       0x20000184   Section        0  main.o(.bss.i)
    in_idx                                   0x20000188   Data           4  main.o(.bss.in_idx)
    [Anonymous Symbol]                       0x20000188   Section        0  main.o(.bss.in_idx)
    input_buff                               0x2000018c   Data          50  main.o(.bss.input_buff)
    [Anonymous Symbol]                       0x2000018c   Section        0  main.o(.bss.input_buff)
    msTicks                                  0x200001c0   Data           4  sys_init.o(.bss.msTicks)
    [Anonymous Symbol]                       0x200001c0   Section        0  sys_init.o(.bss.msTicks)
    out_idx                                  0x200001c4   Data           4  main.o(.bss.out_idx)
    [Anonymous Symbol]                       0x200001c4   Section        0  main.o(.bss.out_idx)
    output_buff                              0x200001c8   Data          50  main.o(.bss.output_buff)
    [Anonymous Symbol]                       0x200001c8   Section        0  main.o(.bss.output_buff)
    s1                                       0x200001fa   Data          20  main.o(.bss.s1)
    [Anonymous Symbol]                       0x200001fa   Section        0  main.o(.bss.s1)
    s2                                       0x2000020e   Data          20  main.o(.bss.s2)
    [Anonymous Symbol]                       0x2000020e   Section        0  main.o(.bss.s2)
    s3                                       0x20000222   Data          20  main.o(.bss.s3)
    [Anonymous Symbol]                       0x20000222   Section        0  main.o(.bss.s3)
    str                                      0x20000236   Data          50  main.o(.bss.str)
    [Anonymous Symbol]                       0x20000236   Section        0  main.o(.bss.str)
    totaltime                                0x20000268   Data           4  main.o(.bss.totaltime)
    [Anonymous Symbol]                       0x20000268   Section        0  main.o(.bss.totaltime)
    trf                                      0x2000026c   Data           4  main.o(.bss.trf)
    [Anonymous Symbol]                       0x2000026c   Section        0  main.o(.bss.trf)
    Heap_Mem                                 0x20000270   Data         512  startup_stm32f446xx.o(HEAP)
    HEAP                                     0x20000270   Section      512  startup_stm32f446xx.o(HEAP)
    Stack_Mem                                0x20000470   Data        1024  startup_stm32f446xx.o(STACK)
    STACK                                    0x20000470   Section     1024  startup_stm32f446xx.o(STACK)
    __initial_sp                             0x20000870   Data           0  startup_stm32f446xx.o(STACK)

    Global Symbols

    Symbol Name                              Value     Ov Type        Size  Object(Section)

    BuildAttributes$$THM_ISAv4$E$P$D$K$B$S$7EM$VFPi3$EXTD16$VFPS$VFMA$PE$A:L22UL41UL21$X:L11$S22US41US21$IEEE1$IW$~IW$USESV6$~STKCKD$USESV7$~SHL$OTIME$ROPI$IEEEX$EBA8$UX$STANDARDLIB$REQ8$PRES8$EABIv2 0x00000000   Number         0  anon$$obj.o ABSOLUTE
    _printf_flags                            0x00000000   Number         0  printf_stubs.o ABSOLUTE
    _printf_return_value                     0x00000000   Number         0  printf_stubs.o ABSOLUTE
    _printf_sizespec                         0x00000000   Number         0  printf_stubs.o ABSOLUTE
    _printf_widthprec                        0x00000000   Number         0  printf_stubs.o ABSOLUTE
    __ARM_exceptions_init                     - Undefined Weak Reference
    __alloca_initialize                       - Undefined Weak Reference
    __arm_preinit_                            - Undefined Weak Reference
    __cpp_initialize__aeabi_                  - Undefined Weak Reference
    __cxa_finalize                            - Undefined Weak Reference
    __sigvec_lookup                           - Undefined Weak Reference
    _atexit_init                              - Undefined Weak Reference
    _call_atexit_fns                          - Undefined Weak Reference
    _clock_init                               - Undefined Weak Reference
    _fp_trap_init                             - Undefined Weak Reference
    _fp_trap_shutdown                         - Undefined Weak Reference
    _get_lc_collate                           - Undefined Weak Reference
    _get_lc_monetary                          - Undefined Weak Reference
    _get_lc_time                              - Undefined Weak Reference
    _getenv_init                              - Undefined Weak Reference
    _handle_redirection                       - Undefined Weak Reference
    _init_alloc                               - Undefined Weak Reference
    _init_user_alloc                          - Undefined Weak Reference
    _initio                                   - Undefined Weak Reference
    _printf_mbtowc                            - Undefined Weak Reference
    _printf_wc                                - Undefined Weak Reference
    _signal_finish                            - Undefined Weak Reference
    _signal_init                              - Undefined Weak Reference
    _terminate_alloc                          - Undefined Weak Reference
    _terminate_user_alloc                     - Undefined Weak Reference
    _terminateio                              - Undefined Weak Reference
    __Vectors_Size                           0x000001c4   Number         0  startup_stm32f446xx.o ABSOLUTE
    __Vectors                                0x08000000   Data           4  startup_stm32f446xx.o(RESET)
    __Vectors_End                            0x080001c4   Data           0  startup_stm32f446xx.o(RESET)
    __main                                   0x080001c5   Thumb Code     8  __main.o(!!!main)
    __scatterload                            0x080001cd   Thumb Code     0  __scatter.o(!!!scatter)
    __scatterload_rt2                        0x080001cd   Thumb Code    44  __scatter.o(!!!scatter)
    __scatterload_rt2_thumb_only             0x080001cd   Thumb Code     0  __scatter.o(!!!scatter)
    __scatterload_null                       0x080001db   Thumb Code     0  __scatter.o(!!!scatter)
    __scatterload_copy                       0x08000201   Thumb Code    26  __scatter_copy.o(!!handler_copy)
    __scatterload_zeroinit                   0x0800021d   Thumb Code    28  __scatter_zi.o(!!handler_zi)
    _printf_n                                0x08000239   Thumb Code     0  _printf_n.o(.ARM.Collect$$_printf_percent$$00000001)
    _printf_percent                          0x08000239   Thumb Code     0  _printf_percent.o(.ARM.Collect$$_printf_percent$$00000000)
    _printf_p                                0x0800023f   Thumb Code     0  _printf_p.o(.ARM.Collect$$_printf_percent$$00000002)
    _printf_f                                0x08000245   Thumb Code     0  _printf_f.o(.ARM.Collect$$_printf_percent$$00000003)
    _printf_e                                0x0800024b   Thumb Code     0  _printf_e.o(.ARM.Collect$$_printf_percent$$00000004)
    _printf_g                                0x08000251   Thumb Code     0  _printf_g.o(.ARM.Collect$$_printf_percent$$00000005)
    _printf_a                                0x08000257   Thumb Code     0  _printf_a.o(.ARM.Collect$$_printf_percent$$00000006)
    _printf_ll                               0x0800025d   Thumb Code     0  _printf_ll.o(.ARM.Collect$$_printf_percent$$00000007)
    _printf_i                                0x08000267   Thumb Code     0  _printf_i.o(.ARM.Collect$$_printf_percent$$00000008)
    _printf_d                                0x0800026d   Thumb Code     0  _printf_d.o(.ARM.Collect$$_printf_percent$$00000009)
    _printf_u                                0x08000273   Thumb Code     0  _printf_u.o(.ARM.Collect$$_printf_percent$$0000000A)
    _printf_o                                0x08000279   Thumb Code     0  _printf_o.o(.ARM.Collect$$_printf_percent$$0000000B)
    _printf_x                                0x0800027f   Thumb Code     0  _printf_x.o(.ARM.Collect$$_printf_percent$$0000000C)
    _printf_lli                              0x08000285   Thumb Code     0  _printf_lli.o(.ARM.Collect$$_printf_percent$$0000000D)
    _printf_lld                              0x0800028b   Thumb Code     0  _printf_lld.o(.ARM.Collect$$_printf_percent$$0000000E)
    _printf_llu                              0x08000291   Thumb Code     0  _printf_llu.o(.ARM.Collect$$_printf_percent$$0000000F)
    _printf_llo                              0x08000297   Thumb Code     0  _printf_llo.o(.ARM.Collect$$_printf_percent$$00000010)
    _printf_llx                              0x0800029d   Thumb Code     0  _printf_llx.o(.ARM.Collect$$_printf_percent$$00000011)
    _printf_l                                0x080002a3   Thumb Code     0  _printf_l.o(.ARM.Collect$$_printf_percent$$00000012)
    _printf_c                                0x080002ad   Thumb Code     0  _printf_c.o(.ARM.Collect$$_printf_percent$$00000013)
    _printf_s                                0x080002b3   Thumb Code     0  _printf_s.o(.ARM.Collect$$_printf_percent$$00000014)
    _printf_lc                               0x080002b9   Thumb Code     0  _printf_lc.o(.ARM.Collect$$_printf_percent$$00000015)
    _printf_ls                               0x080002bf   Thumb Code     0  _printf_ls.o(.ARM.Collect$$_printf_percent$$00000016)
    _printf_percent_end                      0x080002c5   Thumb Code     0  _printf_percent_end.o(.ARM.Collect$$_printf_percent$$00000017)
    __rt_lib_init                            0x080002c9   Thumb Code     0  libinit.o(.ARM.Collect$$libinit$$00000000)
    __rt_lib_init_fp_1                       0x080002cb   Thumb Code     0  libinit2.o(.ARM.Collect$$libinit$$00000001)
    __rt_lib_init_heap_1                     0x080002cf   Thumb Code     0  libinit2.o(.ARM.Collect$$libinit$$0000000A)
    __rt_lib_init_preinit_1                  0x080002cf   Thumb Code     0  libinit2.o(.ARM.Collect$$libinit$$00000004)
    __rt_lib_init_rand_2                     0x080002cf   Thumb Code     0  libinit2.o(.ARM.Collect$$libinit$$0000000D)
    __rt_lib_init_user_alloc_1               0x080002cf   Thumb Code     0  libinit2.o(.ARM.Collect$$libinit$$0000000C)
    __rt_lib_init_lc_common                  0x080002d3   Thumb Code     0  libinit2.o(.ARM.Collect$$libinit$$0000000F)
    __rt_lib_init_rand_1                     0x080002d3   Thumb Code     0  libinit2.o(.ARM.Collect$$libinit$$0000000E)
    __rt_lib_init_lc_collate_1               0x080002d9   Thumb Code     0  libinit2.o(.ARM.Collect$$libinit$$00000011)
    __rt_lib_init_lc_ctype_2                 0x080002d9   Thumb Code     0  libinit2.o(.ARM.Collect$$libinit$$00000012)
    __rt_lib_init_lc_ctype_1                 0x080002e5   Thumb Code     0  libinit2.o(.ARM.Collect$$libinit$$00000013)
    __rt_lib_init_lc_monetary_1              0x080002e5   Thumb Code     0  libinit2.o(.ARM.Collect$$libinit$$00000015)
    __rt_lib_init_lc_numeric_2               0x080002e5   Thumb Code     0  libinit2.o(.ARM.Collect$$libinit$$00000016)
    __rt_lib_init_alloca_1                   0x080002ef   Thumb Code     0  libinit2.o(.ARM.Collect$$libinit$$0000002E)
    __rt_lib_init_argv_1                     0x080002ef   Thumb Code     0  libinit2.o(.ARM.Collect$$libinit$$0000002C)
    __rt_lib_init_atexit_1                   0x080002ef   Thumb Code     0  libinit2.o(.ARM.Collect$$libinit$$0000001B)
    __rt_lib_init_clock_1                    0x080002ef   Thumb Code     0  libinit2.o(.ARM.Collect$$libinit$$00000021)
    __rt_lib_init_cpp_1                      0x080002ef   Thumb Code     0  libinit2.o(.ARM.Collect$$libinit$$00000032)
    __rt_lib_init_exceptions_1               0x080002ef   Thumb Code     0  libinit2.o(.ARM.Collect$$libinit$$00000030)
    __rt_lib_init_fp_trap_1                  0x080002ef   Thumb Code     0  libinit2.o(.ARM.Collect$$libinit$$0000001F)
    __rt_lib_init_getenv_1                   0x080002ef   Thumb Code     0  libinit2.o(.ARM.Collect$$libinit$$00000023)
    __rt_lib_init_lc_numeric_1               0x080002ef   Thumb Code     0  libinit2.o(.ARM.Collect$$libinit$$00000017)
    __rt_lib_init_lc_time_1                  0x080002ef   Thumb Code     0  libinit2.o(.ARM.Collect$$libinit$$00000019)
    __rt_lib_init_return                     0x080002ef   Thumb Code     0  libinit2.o(.ARM.Collect$$libinit$$00000033)
    __rt_lib_init_signal_1                   0x080002ef   Thumb Code     0  libinit2.o(.ARM.Collect$$libinit$$0000001D)
    __rt_lib_init_stdio_1                    0x080002ef   Thumb Code     0  libinit2.o(.ARM.Collect$$libinit$$00000025)
    __rt_lib_shutdown                        0x080002f1   Thumb Code     0  libshutdown.o(.ARM.Collect$$libshutdown$$00000000)
    __rt_lib_shutdown_cpp_1                  0x080002f3   Thumb Code     0  libshutdown2.o(.ARM.Collect$$libshutdown$$00000002)
    __rt_lib_shutdown_fp_trap_1              0x080002f3   Thumb Code     0  libshutdown2.o(.ARM.Collect$$libshutdown$$00000007)
    __rt_lib_shutdown_heap_1                 0x080002f3   Thumb Code     0  libshutdown2.o(.ARM.Collect$$libshutdown$$0000000F)
    __rt_lib_shutdown_return                 0x080002f3   Thumb Code     0  libshutdown2.o(.ARM.Collect$$libshutdown$$00000010)
    __rt_lib_shutdown_signal_1               0x080002f3   Thumb Code     0  libshutdown2.o(.ARM.Collect$$libshutdown$$0000000A)
    __rt_lib_shutdown_stdio_1                0x080002f3   Thumb Code     0  libshutdown2.o(.ARM.Collect$$libshutdown$$00000004)
    __rt_lib_shutdown_user_alloc_1           0x080002f3   Thumb Code     0  libshutdown2.o(.ARM.Collect$$libshutdown$$0000000C)
    __rt_entry                               0x080002f5   Thumb Code     0  __rtentry.o(.ARM.Collect$$rtentry$$00000000)
    __rt_entry_presh_1                       0x080002f5   Thumb Code     0  __rtentry2.o(.ARM.Collect$$rtentry$$00000002)
    __rt_entry_sh                            0x080002f5   Thumb Code     0  __rtentry4.o(.ARM.Collect$$rtentry$$00000004)
    __rt_entry_li                            0x080002fb   Thumb Code     0  __rtentry2.o(.ARM.Collect$$rtentry$$0000000A)
    __rt_entry_postsh_1                      0x080002fb   Thumb Code     0  __rtentry2.o(.ARM.Collect$$rtentry$$00000009)
    __rt_entry_main                          0x080002ff   Thumb Code     0  __rtentry2.o(.ARM.Collect$$rtentry$$0000000D)
    __rt_entry_postli_1                      0x080002ff   Thumb Code     0  __rtentry2.o(.ARM.Collect$$rtentry$$0000000C)
    __rt_exit                                0x08000307   Thumb Code     0  rtexit.o(.ARM.Collect$$rtexit$$00000000)
    __rt_exit_ls                             0x08000309   Thumb Code     0  rtexit2.o(.ARM.Collect$$rtexit$$00000003)
    __rt_exit_prels_1                        0x08000309   Thumb Code     0  rtexit2.o(.ARM.Collect$$rtexit$$00000002)
    __rt_exit_exit                           0x0800030d   Thumb Code     0  rtexit2.o(.ARM.Collect$$rtexit$$00000004)
    rand                                     0x08000315   Thumb Code    48  rand.o(.emb_text)
    Reset_Handler                            0x08000349   Thumb Code     8  startup_stm32f446xx.o(.text)
    NMI_Handler                              0x08000351   Thumb Code     2  startup_stm32f446xx.o(.text)
    HardFault_Handler                        0x08000353   Thumb Code     2  startup_stm32f446xx.o(.text)
    MemManage_Handler                        0x08000355   Thumb Code     2  startup_stm32f446xx.o(.text)
    BusFault_Handler                         0x08000357   Thumb Code     2  startup_stm32f446xx.o(.text)
    UsageFault_Handler                       0x08000359   Thumb Code     2  startup_stm32f446xx.o(.text)
    SVC_Handler                              0x0800035b   Thumb Code     2  startup_stm32f446xx.o(.text)
    DebugMon_Handler                         0x0800035d   Thumb Code     2  startup_stm32f446xx.o(.text)
    PendSV_Handler                           0x0800035f   Thumb Code     2  startup_stm32f446xx.o(.text)
    ADC_IRQHandler                           0x08000363   Thumb Code     0  startup_stm32f446xx.o(.text)
    CAN1_RX0_IRQHandler                      0x08000363   Thumb Code     0  startup_stm32f446xx.o(.text)
    CAN1_RX1_IRQHandler                      0x08000363   Thumb Code     0  startup_stm32f446xx.o(.text)
    CAN1_SCE_IRQHandler                      0x08000363   Thumb Code     0  startup_stm32f446xx.o(.text)
    CAN1_TX_IRQHandler                       0x08000363   Thumb Code     0  startup_stm32f446xx.o(.text)
    CAN2_RX0_IRQHandler                      0x08000363   Thumb Code     0  startup_stm32f446xx.o(.text)
    CAN2_RX1_IRQHandler                      0x08000363   Thumb Code     0  startup_stm32f446xx.o(.text)
    CAN2_SCE_IRQHandler                      0x08000363   Thumb Code     0  startup_stm32f446xx.o(.text)
    CAN2_TX_IRQHandler                       0x08000363   Thumb Code     0  startup_stm32f446xx.o(.text)
    CEC_IRQHandler                           0x08000363   Thumb Code     0  startup_stm32f446xx.o(.text)
    DCMI_IRQHandler                          0x08000363   Thumb Code     0  startup_stm32f446xx.o(.text)
    DMA1_Stream0_IRQHandler                  0x08000363   Thumb Code     0  startup_stm32f446xx.o(.text)
    DMA1_Stream1_IRQHandler                  0x08000363   Thumb Code     0  startup_stm32f446xx.o(.text)
    DMA1_Stream2_IRQHandler                  0x08000363   Thumb Code     0  startup_stm32f446xx.o(.text)
    DMA1_Stream3_IRQHandler                  0x08000363   Thumb Code     0  startup_stm32f446xx.o(.text)
    DMA1_Stream4_IRQHandler                  0x08000363   Thumb Code     0  startup_stm32f446xx.o(.text)
    DMA1_Stream5_IRQHandler                  0x08000363   Thumb Code     0  startup_stm32f446xx.o(.text)
    DMA1_Stream6_IRQHandler                  0x08000363   Thumb Code     0  startup_stm32f446xx.o(.text)
    DMA1_Stream7_IRQHandler                  0x08000363   Thumb Code     0  startup_stm32f446xx.o(.text)
    DMA2_Stream0_IRQHandler                  0x08000363   Thumb Code     0  startup_stm32f446xx.o(.text)
    DMA2_Stream1_IRQHandler                  0x08000363   Thumb Code     0  startup_stm32f446xx.o(.text)
    DMA2_Stream2_IRQHandler                  0x08000363   Thumb Code     0  startup_stm32f446xx.o(.text)
    DMA2_Stream3_IRQHandler                  0x08000363   Thumb Code     0  startup_stm32f446xx.o(.text)
    DMA2_Stream4_IRQHandler                  0x08000363   Thumb Code     0  startup_stm32f446xx.o(.text)
    DMA2_Stream5_IRQHandler                  0x08000363   Thumb Code     0  startup_stm32f446xx.o(.text)
    DMA2_Stream6_IRQHandler                  0x08000363   Thumb Code     0  startup_stm32f446xx.o(.text)
    DMA2_Stream7_IRQHandler                  0x08000363   Thumb Code     0  startup_stm32f446xx.o(.text)
    EXTI0_IRQHandler                         0x08000363   Thumb Code     0  startup_stm32f446xx.o(.text)
    EXTI15_10_IRQHandler                     0x08000363   Thumb Code     0  startup_stm32f446xx.o(.text)
    EXTI1_IRQHandler                         0x08000363   Thumb Code     0  startup_stm32f446xx.o(.text)
    EXTI2_IRQHandler                         0x08000363   Thumb Code     0  startup_stm32f446xx.o(.text)
    EXTI3_IRQHandler                         0x08000363   Thumb Code     0  startup_stm32f446xx.o(.text)
    EXTI4_IRQHandler                         0x08000363   Thumb Code     0  startup_stm32f446xx.o(.text)
    EXTI9_5_IRQHandler                       0x08000363   Thumb Code     0  startup_stm32f446xx.o(.text)
    FLASH_IRQHandler                         0x08000363   Thumb Code     0  startup_stm32f446xx.o(.text)
    FMC_IRQHandler                           0x08000363   Thumb Code     0  startup_stm32f446xx.o(.text)
    FMPI2C1_ER_IRQHandler                    0x08000363   Thumb Code     0  startup_stm32f446xx.o(.text)
    FMPI2C1_EV_IRQHandler                    0x08000363   Thumb Code     0  startup_stm32f446xx.o(.text)
    FPU_IRQHandler                           0x08000363   Thumb Code     0  startup_stm32f446xx.o(.text)
    I2C1_ER_IRQHandler                       0x08000363   Thumb Code     0  startup_stm32f446xx.o(.text)
    I2C1_EV_IRQHandler                       0x08000363   Thumb Code     0  startup_stm32f446xx.o(.text)
    I2C2_ER_IRQHandler                       0x08000363   Thumb Code     0  startup_stm32f446xx.o(.text)
    I2C2_EV_IRQHandler                       0x08000363   Thumb Code     0  startup_stm32f446xx.o(.text)
    I2C3_ER_IRQHandler                       0x08000363   Thumb Code     0  startup_stm32f446xx.o(.text)
    I2C3_EV_IRQHandler                       0x08000363   Thumb Code     0  startup_stm32f446xx.o(.text)
    OTG_FS_IRQHandler                        0x08000363   Thumb Code     0  startup_stm32f446xx.o(.text)
    OTG_FS_WKUP_IRQHandler                   0x08000363   Thumb Code     0  startup_stm32f446xx.o(.text)
    OTG_HS_EP1_IN_IRQHandler                 0x08000363   Thumb Code     0  startup_stm32f446xx.o(.text)
    OTG_HS_EP1_OUT_IRQHandler                0x08000363   Thumb Code     0  startup_stm32f446xx.o(.text)
    OTG_HS_IRQHandler                        0x08000363   Thumb Code     0  startup_stm32f446xx.o(.text)
    OTG_HS_WKUP_IRQHandler                   0x08000363   Thumb Code     0  startup_stm32f446xx.o(.text)
    PVD_IRQHandler                           0x08000363   Thumb Code     0  startup_stm32f446xx.o(.text)
    QUADSPI_IRQHandler                       0x08000363   Thumb Code     0  startup_stm32f446xx.o(.text)
    RCC_IRQHandler                           0x08000363   Thumb Code     0  startup_stm32f446xx.o(.text)
    RTC_Alarm_IRQHandler                     0x08000363   Thumb Code     0  startup_stm32f446xx.o(.text)
    RTC_WKUP_IRQHandler                      0x08000363   Thumb Code     0  startup_stm32f446xx.o(.text)
    SAI1_IRQHandler                          0x08000363   Thumb Code     0  startup_stm32f446xx.o(.text)
    SAI2_IRQHandler                          0x08000363   Thumb Code     0  startup_stm32f446xx.o(.text)
    SDIO_IRQHandler                          0x08000363   Thumb Code     0  startup_stm32f446xx.o(.text)
    SPDIF_RX_IRQHandler                      0x08000363   Thumb Code     0  startup_stm32f446xx.o(.text)
    SPI1_IRQHandler                          0x08000363   Thumb Code     0  startup_stm32f446xx.o(.text)
    SPI2_IRQHandler                          0x08000363   Thumb Code     0  startup_stm32f446xx.o(.text)
    SPI3_IRQHandler                          0x08000363   Thumb Code     0  startup_stm32f446xx.o(.text)
    SPI4_IRQHandler                          0x08000363   Thumb Code     0  startup_stm32f446xx.o(.text)
    TAMP_STAMP_IRQHandler                    0x08000363   Thumb Code     0  startup_stm32f446xx.o(.text)
    TIM1_BRK_TIM9_IRQHandler                 0x08000363   Thumb Code     0  startup_stm32f446xx.o(.text)
    TIM1_CC_IRQHandler                       0x08000363   Thumb Code     0  startup_stm32f446xx.o(.text)
    TIM1_TRG_COM_TIM11_IRQHandler            0x08000363   Thumb Code     0  startup_stm32f446xx.o(.text)
    TIM1_UP_TIM10_IRQHandler                 0x08000363   Thumb Code     0  startup_stm32f446xx.o(.text)
    TIM2_IRQHandler                          0x08000363   Thumb Code     0  startup_stm32f446xx.o(.text)
    TIM3_IRQHandler                          0x08000363   Thumb Code     0  startup_stm32f446xx.o(.text)
    TIM4_IRQHandler                          0x08000363   Thumb Code     0  startup_stm32f446xx.o(.text)
    TIM5_IRQHandler                          0x08000363   Thumb Code     0  startup_stm32f446xx.o(.text)
    TIM7_IRQHandler                          0x08000363   Thumb Code     0  startup_stm32f446xx.o(.text)
    TIM8_BRK_TIM12_IRQHandler                0x08000363   Thumb Code     0  startup_stm32f446xx.o(.text)
    TIM8_CC_IRQHandler                       0x08000363   Thumb Code     0  startup_stm32f446xx.o(.text)
    TIM8_TRG_COM_TIM14_IRQHandler            0x08000363   Thumb Code     0  startup_stm32f446xx.o(.text)
    TIM8_UP_TIM13_IRQHandler                 0x08000363   Thumb Code     0  startup_stm32f446xx.o(.text)
    USART1_IRQHandler                        0x08000363   Thumb Code     0  startup_stm32f446xx.o(.text)
    USART3_IRQHandler                        0x08000363   Thumb Code     0  startup_stm32f446xx.o(.text)
    USART6_IRQHandler                        0x08000363   Thumb Code     0  startup_stm32f446xx.o(.text)
    WWDG_IRQHandler                          0x08000363   Thumb Code     0  startup_stm32f446xx.o(.text)
    __user_initial_stackheap                 0x08000365   Thumb Code     0  startup_stm32f446xx.o(.text)
    sprintf                                  0x08000389   Thumb Code    38  sprintf.o(.text)
    sscanf                                   0x080003b5   Thumb Code    52  sscanf.o(.text)
    srand                                    0x080003f1   Thumb Code    42  rand.o(.text)
    _rand_init                               0x0800041b   Thumb Code     4  rand.o(.text)
    strcpy                                   0x0800042d   Thumb Code    72  strcpy.o(.text)
    strlen                                   0x08000475   Thumb Code    62  strlen.o(.text)
    strcmp                                   0x080004b9   Thumb Code   124  strcmpv7em.o(.text)
    __use_two_region_memory                  0x08000535   Thumb Code     2  heapauxi.o(.text)
    __rt_heap_escrow$2region                 0x08000537   Thumb Code     2  heapauxi.o(.text)
    __rt_heap_expand$2region                 0x08000539   Thumb Code     2  heapauxi.o(.text)
    _printf_pre_padding                      0x0800053b   Thumb Code    44  _printf_pad.o(.text)
    _printf_post_padding                     0x08000567   Thumb Code    34  _printf_pad.o(.text)
    _printf_truncate_signed                  0x08000589   Thumb Code    18  _printf_truncate.o(.text)
    _printf_truncate_unsigned                0x0800059b   Thumb Code    18  _printf_truncate.o(.text)
    _printf_str                              0x080005ad   Thumb Code    82  _printf_str.o(.text)
    _printf_int_dec                          0x08000601   Thumb Code   104  _printf_dec.o(.text)
    _printf_charcount                        0x08000679   Thumb Code    40  _printf_charcount.o(.text)
    _printf_char_common                      0x080006ab   Thumb Code    32  _printf_char_common.o(.text)
    _sputc                                   0x080006d1   Thumb Code    10  _sputc.o(.text)
    _printf_wctomb                           0x080006dd   Thumb Code   182  _printf_wctomb.o(.text)
    _printf_longlong_dec                     0x08000799   Thumb Code   108  _printf_longlong_dec.o(.text)
    _printf_longlong_oct                     0x08000815   Thumb Code    68  _printf_oct_int_ll.o(.text)
    _printf_int_oct                          0x08000859   Thumb Code    24  _printf_oct_int_ll.o(.text)
    _printf_ll_oct                           0x08000871   Thumb Code    12  _printf_oct_int_ll.o(.text)
    _printf_longlong_hex                     0x08000885   Thumb Code    86  _printf_hex_int_ll_ptr.o(.text)
    _printf_int_hex                          0x080008db   Thumb Code    28  _printf_hex_int_ll_ptr.o(.text)
    _printf_ll_hex                           0x080008f7   Thumb Code    12  _printf_hex_int_ll_ptr.o(.text)
    _printf_hex_ptr                          0x08000903   Thumb Code    18  _printf_hex_int_ll_ptr.o(.text)
    __printf                                 0x08000919   Thumb Code   388  __printf_flags_ss_wp.o(.text)
    _scanf_longlong                          0x08000aa1   Thumb Code   342  _scanf_longlong.o(.text)
    _scanf_int                               0x08000bf7   Thumb Code   332  _scanf_int.o(.text)
    _scanf_string                            0x08000d43   Thumb Code   224  _scanf_str.o(.text)
    __vfscanf_char                           0x08000e31   Thumb Code    24  scanf_char.o(.text)
    _sgetc                                   0x08000e51   Thumb Code    30  _sgetc.o(.text)
    _sbackspace                              0x08000e6f   Thumb Code    34  _sgetc.o(.text)
    _scanf_mbtowc                            0x08000e91   Thumb Code   276  _scanf_mbtowc.o(.text)
    _scanf_wctomb                            0x08000fa5   Thumb Code   232  _scanf_wctomb.o(.text)
    _scanf_wstring                           0x0800108d   Thumb Code   208  _scanf_wstr.o(.text)
    _ll_udiv10                               0x0800115d   Thumb Code   138  lludiv10.o(.text)
    isspace                                  0x080011e7   Thumb Code    18  isspace.o(.text)
    _printf_int_common                       0x080011f9   Thumb Code   178  _printf_intcommon.o(.text)
    _printf_fp_dec_real                      0x0800145b   Thumb Code   620  _printf_fp_dec.o(.text)
    _printf_fp_hex_real                      0x080016c9   Thumb Code   756  _printf_fp_hex.o(.text)
    _printf_cs_common                        0x080019c5   Thumb Code    20  _printf_char.o(.text)
    _printf_char                             0x080019d9   Thumb Code    16  _printf_char.o(.text)
    _printf_string                           0x080019e9   Thumb Code     8  _printf_char.o(.text)
    _printf_lcs_common                       0x080019f1   Thumb Code    20  _printf_wchar.o(.text)
    _printf_wchar                            0x08001a05   Thumb Code    16  _printf_wchar.o(.text)
    _printf_wstring                          0x08001a15   Thumb Code     8  _printf_wchar.o(.text)
    _chval                                   0x08001a1d   Thumb Code    28  _chval.o(.text)
    __vfscanf                                0x08001a39   Thumb Code   878  _scanf.o(.text)
    _scanf_really_real                       0x08001ff9   Thumb Code   684  scanf_fp.o(.text)
    _scanf_wcharmap                          0x080022a5   Thumb Code    30  _scanf_wcharmap.o(.text)
    _mbrtoc16                                0x080022c3   Thumb Code    64  _mbrtoc16.o(.text)
    _mbrtowc                                 0x080022c3   Thumb Code     0  _mbrtoc16.o(.text)
    _c16rtomb                                0x08002303   Thumb Code    72  _c16rtomb.o(.text)
    _wcrtomb                                 0x08002303   Thumb Code     0  _c16rtomb.o(.text)
    __user_setup_stackheap                   0x0800234b   Thumb Code    74  sys_stackheap_outer.o(.text)
    __rt_ctype_table                         0x08002395   Thumb Code    16  rt_ctype_table.o(.text)
    __rt_locale                              0x080023a5   Thumb Code     8  rt_locale_intlibspace.o(.text)
    __aeabi_errno_addr                       0x080023ad   Thumb Code     8  rt_errno_addr_intlibspace.o(.text)
    __errno$intlibspace                      0x080023ad   Thumb Code     0  rt_errno_addr_intlibspace.o(.text)
    __rt_errno_addr$intlibspace              0x080023ad   Thumb Code     0  rt_errno_addr_intlibspace.o(.text)
    __aeabi_llsl                             0x080023b5   Thumb Code     0  llshl.o(.text)
    _ll_shift_l                              0x080023b5   Thumb Code    38  llshl.o(.text)
    _printf_fp_infnan                        0x080023dd   Thumb Code   112  _printf_fp_infnan.o(.text)
    _btod_etento                             0x0800245d   Thumb Code   224  bigflt0.o(.text)
    exit                                     0x08002541   Thumb Code    18  exit.o(.text)
    __user_libspace                          0x08002555   Thumb Code     8  libspace.o(.text)
    __user_perproc_libspace                  0x08002555   Thumb Code     0  libspace.o(.text)
    __user_perthread_libspace                0x08002555   Thumb Code     0  libspace.o(.text)
    __read_errno                             0x0800255d   Thumb Code    10  _rserrno.o(.text)
    __set_errno                              0x08002567   Thumb Code    12  _rserrno.o(.text)
    _scanf_really_hex_real                   0x08002575   Thumb Code   786  scanf_hexfp.o(.text)
    _scanf_really_infnan                     0x08002895   Thumb Code   292  scanf_infnan.o(.text)
    __I$use$semihosting                      0x080029c9   Thumb Code     0  use_no_semi.o(.text)
    __use_no_semihosting_swi                 0x080029c9   Thumb Code     2  use_no_semi.o(.text)
    __semihosting_library_function           0x080029cb   Thumb Code     0  indicate_semi.o(.text)
    _sys_exit                                0x080029cd   Thumb Code     8  sys_exit.o(.text)
    GPIO_Config                              0x080029d9   Thumb Code    56  main.o(.text.GPIO_Config)
    GPIO_Init                                0x08002a11   Thumb Code    88  gpio.o(.text.GPIO_Init)
    GPIO_WritePin                            0x08002a69   Thumb Code    54  gpio.o(.text.GPIO_WritePin)
    SysTick_Handler                          0x08002af5   Thumb Code    16  sys_init.o(.text.SysTick_Handler)
    SystemInit                               0x08002b05   Thumb Code    18  system_stm32f4xx.o(.text.SystemInit)
    TIM6Config                               0x08002b19   Thumb Code    86  main.o(.text.TIM6Config)
    TIM6_DAC_IRQHandler                      0x08002b71   Thumb Code    82  main.o(.text.TIM6_DAC_IRQHandler)
    UART2_Config                             0x08002bc5   Thumb Code   162  usart.o(.text.UART2_Config)
    UART4_Config                             0x08002c69   Thumb Code   162  usart.o(.text.UART4_Config)
    UART4_IRQHandler                         0x08002d0d   Thumb Code   176  main.o(.text.UART4_IRQHandler)
    UART5_Config                             0x08002dbd   Thumb Code   208  usart.o(.text.UART5_Config)
    UART5_IRQHandler                         0x08002e8d   Thumb Code   150  main.o(.text.UART5_IRQHandler)
    UART5toUART4                             0x08002f25   Thumb Code   244  main.o(.text.UART5toUART4)
    UART_GetChar                             0x08003019   Thumb Code    36  usart.o(.text.UART_GetChar)
    UART_SendChar                            0x0800303d   Thumb Code    36  usart.o(.text.UART_SendChar)
    UART_SendString                          0x08003061   Thumb Code    40  usart.o(.text.UART_SendString)
    USART2_IRQHandler                        0x08003089   Thumb Code    40  main.o(.text.USART2_IRQHandler)
    display                                  0x08003169   Thumb Code  1136  main.o(.text.display)
    getString                                0x080035d9   Thumb Code   112  main.o(.text.getString)
    initClock                                0x08003649   Thumb Code   214  clock.o(.text.initClock)
    main                                     0x08003721   Thumb Code   578  main.o(.text.main)
    ms_delay                                 0x08003965   Thumb Code    48  sys_init.o(.text.ms_delay)
    parseString                              0x08003995   Thumb Code  1008  main.o(.text.parseString)
    sysInit                                  0x08003d85   Thumb Code    16  sys_init.o(.text.sysInit)
    _btod_d2e                                0x08003d95   Thumb Code    62  btod.o(CL$$btod_d2e)
    _d2e_denorm_low                          0x08003dd3   Thumb Code    70  btod.o(CL$$btod_d2e_denorm_low)
    _d2e_norm_op1                            0x08003e19   Thumb Code    96  btod.o(CL$$btod_d2e_norm_op1)
    __btod_div_common                        0x08003e79   Thumb Code   696  btod.o(CL$$btod_div_common)
    _e2d                                     0x080041b1   Thumb Code   122  btod.o(CL$$btod_e2d)
    _e2e                                     0x08004235   Thumb Code   220  btod.o(CL$$btod_e2e)
    _btod_ediv                               0x08004311   Thumb Code    42  btod.o(CL$$btod_ediv)
    _btod_edivd                              0x0800433b   Thumb Code    42  btod.o(CL$$btod_edivd)
    _btod_emul                               0x08004365   Thumb Code    42  btod.o(CL$$btod_emul)
    _btod_emuld                              0x0800438f   Thumb Code    42  btod.o(CL$$btod_emuld)
    __btod_mult_common                       0x080043b9   Thumb Code   580  btod.o(CL$$btod_mult_common)
    __ARM_fpclassify                         0x080045fd   Thumb Code    48  fpclassify.o(i.__ARM_fpclassify)
    __hardfp___mathlib_tofloat               0x08004631   Thumb Code   232  narrow.o(i.__hardfp___mathlib_tofloat)
    __hardfp_ldexp                           0x08004729   Thumb Code   200  ldexp.o(i.__hardfp_ldexp)
    __mathlib_dbl_overflow                   0x080047f9   Thumb Code    24  dunder.o(i.__mathlib_dbl_overflow)
    __mathlib_dbl_underflow                  0x08004819   Thumb Code    24  dunder.o(i.__mathlib_dbl_underflow)
    __mathlib_narrow                         0x08004839   Thumb Code    18  narrow.o(i.__mathlib_narrow)
    __support_ldexp                          0x0800484b   Thumb Code    20  ldexp.o(i.__support_ldexp)
    _is_digit                                0x0800485f   Thumb Code    14  __printf_wp.o(i._is_digit)
    frexp                                    0x08004871   Thumb Code   118  frexp.o(i.frexp)
    _get_lc_numeric                          0x080048fd   Thumb Code    44  lc_numeric_c.o(locale$$code)
    _get_lc_ctype                            0x08004929   Thumb Code    44  lc_ctype_c.o(locale$$code)
    __aeabi_d2f                              0x08004955   Thumb Code     0  d2f.o(x$fpl$d2f)
    _d2f                                     0x08004955   Thumb Code    98  d2f.o(x$fpl$d2f)
    __fpl_dcheck_NaN1                        0x080049b9   Thumb Code    10  dcheck1.o(x$fpl$dcheck1)
    __fpl_dcmp_Inf                           0x080049c9   Thumb Code    24  dcmpi.o(x$fpl$dcmpinf)
    __aeabi_cdcmpeq                          0x080049e1   Thumb Code     0  deqf.o(x$fpl$deqf)
    _dcmpeq                                  0x080049e1   Thumb Code   120  deqf.o(x$fpl$deqf)
    __aeabi_cdcmple                          0x08004a59   Thumb Code     0  dleqf.o(x$fpl$dleqf)
    _dcmple                                  0x08004a59   Thumb Code   120  dleqf.o(x$fpl$dleqf)
    __fpl_dcmple_InfNaN                      0x08004abb   Thumb Code     0  dleqf.o(x$fpl$dleqf)
    __aeabi_dmul                             0x08004ad1   Thumb Code     0  dmul.o(x$fpl$dmul)
    _dmul                                    0x08004ad1   Thumb Code   332  dmul.o(x$fpl$dmul)
    __fpl_dnaninf                            0x08004c25   Thumb Code   156  dnaninf.o(x$fpl$dnaninf)
    __fpl_dretinf                            0x08004cc1   Thumb Code    12  dretinf.o(x$fpl$dretinf)
    __aeabi_cdrcmple                         0x08004ccd   Thumb Code     0  drleqf.o(x$fpl$drleqf)
    _drcmple                                 0x08004ccd   Thumb Code   108  drleqf.o(x$fpl$drleqf)
    _fp_init                                 0x08004d39   Thumb Code    26  fpinit.o(x$fpl$fpinit)
    __fplib_config_fpu_vfp                   0x08004d51   Thumb Code     0  fpinit.o(x$fpl$fpinit)
    __fplib_config_pureend_doubles           0x08004d51   Thumb Code     0  fpinit.o(x$fpl$fpinit)
    __fpl_fretinf                            0x08004d53   Thumb Code    10  fretinf.o(x$fpl$fretinf)
    __ieee_status                            0x08004d5d   Thumb Code     6  istatus.o(x$fpl$ieeestatus)
    _printf_fp_dec                           0x08004d63   Thumb Code     4  printf1.o(x$fpl$printf1)
    _printf_fp_hex                           0x08004d67   Thumb Code     4  printf2.o(x$fpl$printf2)
    __fpl_return_NaN                         0x08004d6b   Thumb Code   100  retnan.o(x$fpl$retnan)
    __ARM_scalbn                             0x08004dcf   Thumb Code    92  scalbn.o(x$fpl$scalbn)
    _scanf_real                              0x08004e2b   Thumb Code     4  scanf1.o(x$fpl$scanf1)
    _scanf_hex_real                          0x08004e2f   Thumb Code     4  scanf2.o(x$fpl$scanf2)
    _scanf_infnan                            0x08004e33   Thumb Code     4  scanf2.o(x$fpl$scanf2)
    __fpl_cmpreturn                          0x08004e37   Thumb Code    48  trapv.o(x$fpl$trapveneer)
    __I$use$fp                               0x08004e66   Number         0  usenofp.o(x$fpl$usenofp)
    Region$$Table$$Base                      0x08005098   Number         0  anon$$obj.o(Region$$Table)
    Region$$Table$$Limit                     0x080050b8   Number         0  anon$$obj.o(Region$$Table)
    __aeabi_HUGE_VAL                         0x080050b8   Data           0  fpconst.o(c$$dinf)
    __aeabi_HUGE_VALL                        0x080050b8   Data           0  fpconst.o(c$$dinf)
    __aeabi_INFINITY                         0x080050b8   Data           0  fpconst.o(c$$dinf)
    __dInf                                   0x080050b8   Data           0  fpconst.o(c$$dinf)
    __huge_val                               0x080050b8   Data           0  fpconst.o(c$$dinf)
    __dbl_max                                0x080050c0   Data           0  fpconst.o(c$$dmax)
    __ctype                                  0x080050f1   Data           0  lc_ctype_c.o(locale$$data)
    _random_number_data                      0x20000038   Data         228  rand.o(.bss)
    __libspace_start                         0x2000011c   Data          96  libspace.o(.bss)
    __temporary_stack_top$libspace           0x2000017c   Data           0  libspace.o(.bss)



==============================================================================

Memory Map of the image

  Image Entry point : 0x08000349

  Load Region LR_1 (Base: 0x08000000, Size: 0x00005228, Max: 0xffffffff, ABSOLUTE)

    Execution Region ER_RO (Exec base: 0x08000000, Load base: 0x08000000, Size: 0x000051f4, Max: 0xffffffff, ABSOLUTE)

    Exec Addr    Load Addr    Size         Type   Attr      Idx    E Section Name        Object

    0x08000000   0x08000000   0x000001c4   Data   RO          130    RESET               startup_stm32f446xx.o
    0x080001c4   0x080001c4   0x00000008   Code   RO          170  * !!!main             c_w.l(__main.o)
    0x080001cc   0x080001cc   0x00000034   Code   RO          633    !!!scatter          c_w.l(__scatter.o)
    0x08000200   0x08000200   0x0000001a   Code   RO          635    !!handler_copy      c_w.l(__scatter_copy.o)
    0x0800021a   0x0800021a   0x00000002   PAD
    0x0800021c   0x0800021c   0x0000001c   Code   RO          637    !!handler_zi        c_w.l(__scatter_zi.o)
    0x08000238   0x08000238   0x00000000   Code   RO          254    .ARM.Collect$$_printf_percent$$00000000  c_w.l(_printf_percent.o)
    0x08000238   0x08000238   0x00000006   Code   RO          243    .ARM.Collect$$_printf_percent$$00000001  c_w.l(_printf_n.o)
    0x0800023e   0x0800023e   0x00000006   Code   RO          245    .ARM.Collect$$_printf_percent$$00000002  c_w.l(_printf_p.o)
    0x08000244   0x08000244   0x00000006   Code   RO          250    .ARM.Collect$$_printf_percent$$00000003  c_w.l(_printf_f.o)
    0x0800024a   0x0800024a   0x00000006   Code   RO          251    .ARM.Collect$$_printf_percent$$00000004  c_w.l(_printf_e.o)
    0x08000250   0x08000250   0x00000006   Code   RO          252    .ARM.Collect$$_printf_percent$$00000005  c_w.l(_printf_g.o)
    0x08000256   0x08000256   0x00000006   Code   RO          253    .ARM.Collect$$_printf_percent$$00000006  c_w.l(_printf_a.o)
    0x0800025c   0x0800025c   0x0000000a   Code   RO          258    .ARM.Collect$$_printf_percent$$00000007  c_w.l(_printf_ll.o)
    0x08000266   0x08000266   0x00000006   Code   RO          247    .ARM.Collect$$_printf_percent$$00000008  c_w.l(_printf_i.o)
    0x0800026c   0x0800026c   0x00000006   Code   RO          248    .ARM.Collect$$_printf_percent$$00000009  c_w.l(_printf_d.o)
    0x08000272   0x08000272   0x00000006   Code   RO          249    .ARM.Collect$$_printf_percent$$0000000A  c_w.l(_printf_u.o)
    0x08000278   0x08000278   0x00000006   Code   RO          246    .ARM.Collect$$_printf_percent$$0000000B  c_w.l(_printf_o.o)
    0x0800027e   0x0800027e   0x00000006   Code   RO          244    .ARM.Collect$$_printf_percent$$0000000C  c_w.l(_printf_x.o)
    0x08000284   0x08000284   0x00000006   Code   RO          255    .ARM.Collect$$_printf_percent$$0000000D  c_w.l(_printf_lli.o)
    0x0800028a   0x0800028a   0x00000006   Code   RO          256    .ARM.Collect$$_printf_percent$$0000000E  c_w.l(_printf_lld.o)
    0x08000290   0x08000290   0x00000006   Code   RO          257    .ARM.Collect$$_printf_percent$$0000000F  c_w.l(_printf_llu.o)
    0x08000296   0x08000296   0x00000006   Code   RO          262    .ARM.Collect$$_printf_percent$$00000010  c_w.l(_printf_llo.o)
    0x0800029c   0x0800029c   0x00000006   Code   RO          263    .ARM.Collect$$_printf_percent$$00000011  c_w.l(_printf_llx.o)
    0x080002a2   0x080002a2   0x0000000a   Code   RO          259    .ARM.Collect$$_printf_percent$$00000012  c_w.l(_printf_l.o)
    0x080002ac   0x080002ac   0x00000006   Code   RO          241    .ARM.Collect$$_printf_percent$$00000013  c_w.l(_printf_c.o)
    0x080002b2   0x080002b2   0x00000006   Code   RO          242    .ARM.Collect$$_printf_percent$$00000014  c_w.l(_printf_s.o)
    0x080002b8   0x080002b8   0x00000006   Code   RO          260    .ARM.Collect$$_printf_percent$$00000015  c_w.l(_printf_lc.o)
    0x080002be   0x080002be   0x00000006   Code   RO          261    .ARM.Collect$$_printf_percent$$00000016  c_w.l(_printf_ls.o)
    0x080002c4   0x080002c4   0x00000004   Code   RO          369    .ARM.Collect$$_printf_percent$$00000017  c_w.l(_printf_percent_end.o)
    0x080002c8   0x080002c8   0x00000002   Code   RO          450    .ARM.Collect$$libinit$$00000000  c_w.l(libinit.o)
    0x080002ca   0x080002ca   0x00000004   Code   RO          280    .ARM.Collect$$libinit$$00000001  c_w.l(libinit2.o)
    0x080002ce   0x080002ce   0x00000000   Code   RO          283    .ARM.Collect$$libinit$$00000004  c_w.l(libinit2.o)
    0x080002ce   0x080002ce   0x00000000   Code   RO          286    .ARM.Collect$$libinit$$0000000A  c_w.l(libinit2.o)
    0x080002ce   0x080002ce   0x00000000   Code   RO          288    .ARM.Collect$$libinit$$0000000C  c_w.l(libinit2.o)
    0x080002ce   0x080002ce   0x00000004   Code   RO          289    .ARM.Collect$$libinit$$0000000D  c_w.l(libinit2.o)
    0x080002d2   0x080002d2   0x00000000   Code   RO          290    .ARM.Collect$$libinit$$0000000E  c_w.l(libinit2.o)
    0x080002d2   0x080002d2   0x00000006   Code   RO          291    .ARM.Collect$$libinit$$0000000F  c_w.l(libinit2.o)
    0x080002d8   0x080002d8   0x00000000   Code   RO          293    .ARM.Collect$$libinit$$00000011  c_w.l(libinit2.o)
    0x080002d8   0x080002d8   0x0000000c   Code   RO          294    .ARM.Collect$$libinit$$00000012  c_w.l(libinit2.o)
    0x080002e4   0x080002e4   0x00000000   Code   RO          295    .ARM.Collect$$libinit$$00000013  c_w.l(libinit2.o)
    0x080002e4   0x080002e4   0x00000000   Code   RO          297    .ARM.Collect$$libinit$$00000015  c_w.l(libinit2.o)
    0x080002e4   0x080002e4   0x0000000a   Code   RO          298    .ARM.Collect$$libinit$$00000016  c_w.l(libinit2.o)
    0x080002ee   0x080002ee   0x00000000   Code   RO          299    .ARM.Collect$$libinit$$00000017  c_w.l(libinit2.o)
    0x080002ee   0x080002ee   0x00000000   Code   RO          301    .ARM.Collect$$libinit$$00000019  c_w.l(libinit2.o)
    0x080002ee   0x080002ee   0x00000000   Code   RO          303    .ARM.Collect$$libinit$$0000001B  c_w.l(libinit2.o)
    0x080002ee   0x080002ee   0x00000000   Code   RO          305    .ARM.Collect$$libinit$$0000001D  c_w.l(libinit2.o)
    0x080002ee   0x080002ee   0x00000000   Code   RO          307    .ARM.Collect$$libinit$$0000001F  c_w.l(libinit2.o)
    0x080002ee   0x080002ee   0x00000000   Code   RO          309    .ARM.Collect$$libinit$$00000021  c_w.l(libinit2.o)
    0x080002ee   0x080002ee   0x00000000   Code   RO          311    .ARM.Collect$$libinit$$00000023  c_w.l(libinit2.o)
    0x080002ee   0x080002ee   0x00000000   Code   RO          313    .ARM.Collect$$libinit$$00000025  c_w.l(libinit2.o)
    0x080002ee   0x080002ee   0x00000000   Code   RO          317    .ARM.Collect$$libinit$$0000002C  c_w.l(libinit2.o)
    0x080002ee   0x080002ee   0x00000000   Code   RO          319    .ARM.Collect$$libinit$$0000002E  c_w.l(libinit2.o)
    0x080002ee   0x080002ee   0x00000000   Code   RO          321    .ARM.Collect$$libinit$$00000030  c_w.l(libinit2.o)
    0x080002ee   0x080002ee   0x00000000   Code   RO          323    .ARM.Collect$$libinit$$00000032  c_w.l(libinit2.o)
    0x080002ee   0x080002ee   0x00000002   Code   RO          324    .ARM.Collect$$libinit$$00000033  c_w.l(libinit2.o)
    0x080002f0   0x080002f0   0x00000002   Code   RO          558    .ARM.Collect$$libshutdown$$00000000  c_w.l(libshutdown.o)
    0x080002f2   0x080002f2   0x00000000   Code   RO          584    .ARM.Collect$$libshutdown$$00000002  c_w.l(libshutdown2.o)
    0x080002f2   0x080002f2   0x00000000   Code   RO          586    .ARM.Collect$$libshutdown$$00000004  c_w.l(libshutdown2.o)
    0x080002f2   0x080002f2   0x00000000   Code   RO          589    .ARM.Collect$$libshutdown$$00000007  c_w.l(libshutdown2.o)
    0x080002f2   0x080002f2   0x00000000   Code   RO          592    .ARM.Collect$$libshutdown$$0000000A  c_w.l(libshutdown2.o)
    0x080002f2   0x080002f2   0x00000000   Code   RO          594    .ARM.Collect$$libshutdown$$0000000C  c_w.l(libshutdown2.o)
    0x080002f2   0x080002f2   0x00000000   Code   RO          597    .ARM.Collect$$libshutdown$$0000000F  c_w.l(libshutdown2.o)
    0x080002f2   0x080002f2   0x00000002   Code   RO          598    .ARM.Collect$$libshutdown$$00000010  c_w.l(libshutdown2.o)
    0x080002f4   0x080002f4   0x00000000   Code   RO          172    .ARM.Collect$$rtentry$$00000000  c_w.l(__rtentry.o)
    0x080002f4   0x080002f4   0x00000000   Code   RO          336    .ARM.Collect$$rtentry$$00000002  c_w.l(__rtentry2.o)
    0x080002f4   0x080002f4   0x00000006   Code   RO          348    .ARM.Collect$$rtentry$$00000004  c_w.l(__rtentry4.o)
    0x080002fa   0x080002fa   0x00000000   Code   RO          338    .ARM.Collect$$rtentry$$00000009  c_w.l(__rtentry2.o)
    0x080002fa   0x080002fa   0x00000004   Code   RO          339    .ARM.Collect$$rtentry$$0000000A  c_w.l(__rtentry2.o)
    0x080002fe   0x080002fe   0x00000000   Code   RO          341    .ARM.Collect$$rtentry$$0000000C  c_w.l(__rtentry2.o)
    0x080002fe   0x080002fe   0x00000008   Code   RO          342    .ARM.Collect$$rtentry$$0000000D  c_w.l(__rtentry2.o)
    0x08000306   0x08000306   0x00000002   Code   RO          481    .ARM.Collect$$rtexit$$00000000  c_w.l(rtexit.o)
    0x08000308   0x08000308   0x00000000   Code   RO          516    .ARM.Collect$$rtexit$$00000002  c_w.l(rtexit2.o)
    0x08000308   0x08000308   0x00000004   Code   RO          517    .ARM.Collect$$rtexit$$00000003  c_w.l(rtexit2.o)
    0x0800030c   0x0800030c   0x00000006   Code   RO          518    .ARM.Collect$$rtexit$$00000004  c_w.l(rtexit2.o)
    0x08000312   0x08000312   0x00000002   PAD
    0x08000314   0x08000314   0x00000034   Code   RO          157    .emb_text           c_w.l(rand.o)
    0x08000348   0x08000348   0x00000040   Code   RO          131  * .text               startup_stm32f446xx.o
    0x08000388   0x08000388   0x0000002c   Code   RO          153    .text               c_w.l(sprintf.o)
    0x080003b4   0x080003b4   0x0000003c   Code   RO          155    .text               c_w.l(sscanf.o)
    0x080003f0   0x080003f0   0x0000003c   Code   RO          158    .text               c_w.l(rand.o)
    0x0800042c   0x0800042c   0x00000048   Code   RO          162    .text               c_w.l(strcpy.o)
    0x08000474   0x08000474   0x0000003e   Code   RO          164    .text               c_w.l(strlen.o)
    0x080004b2   0x080004b2   0x00000006   PAD
    0x080004b8   0x080004b8   0x0000007c   Code   RO          166    .text               c_w.l(strcmpv7em.o)
    0x08000534   0x08000534   0x00000006   Code   RO          168    .text               c_w.l(heapauxi.o)
    0x0800053a   0x0800053a   0x0000004e   Code   RO          175    .text               c_w.l(_printf_pad.o)
    0x08000588   0x08000588   0x00000024   Code   RO          177    .text               c_w.l(_printf_truncate.o)
    0x080005ac   0x080005ac   0x00000052   Code   RO          179    .text               c_w.l(_printf_str.o)
    0x080005fe   0x080005fe   0x00000002   PAD
    0x08000600   0x08000600   0x00000078   Code   RO          181    .text               c_w.l(_printf_dec.o)
    0x08000678   0x08000678   0x00000028   Code   RO          183    .text               c_w.l(_printf_charcount.o)
    0x080006a0   0x080006a0   0x00000030   Code   RO          185    .text               c_w.l(_printf_char_common.o)
    0x080006d0   0x080006d0   0x0000000a   Code   RO          187    .text               c_w.l(_sputc.o)
    0x080006da   0x080006da   0x00000002   PAD
    0x080006dc   0x080006dc   0x000000bc   Code   RO          189    .text               c_w.l(_printf_wctomb.o)
    0x08000798   0x08000798   0x0000007c   Code   RO          192    .text               c_w.l(_printf_longlong_dec.o)
    0x08000814   0x08000814   0x00000070   Code   RO          198    .text               c_w.l(_printf_oct_int_ll.o)
    0x08000884   0x08000884   0x00000094   Code   RO          218    .text               c_w.l(_printf_hex_int_ll_ptr.o)
    0x08000918   0x08000918   0x00000188   Code   RO          238    .text               c_w.l(__printf_flags_ss_wp.o)
    0x08000aa0   0x08000aa0   0x00000156   Code   RO          264    .text               c_w.l(_scanf_longlong.o)
    0x08000bf6   0x08000bf6   0x0000014c   Code   RO          266    .text               c_w.l(_scanf_int.o)
    0x08000d42   0x08000d42   0x000000e0   Code   RO          268    .text               c_w.l(_scanf_str.o)
    0x08000e22   0x08000e22   0x00000002   PAD
    0x08000e24   0x08000e24   0x0000002c   Code   RO          270    .text               c_w.l(scanf_char.o)
    0x08000e50   0x08000e50   0x00000040   Code   RO          272    .text               c_w.l(_sgetc.o)
    0x08000e90   0x08000e90   0x00000114   Code   RO          274    .text               c_w.l(_scanf_mbtowc.o)
    0x08000fa4   0x08000fa4   0x000000e8   Code   RO          276    .text               c_w.l(_scanf_wctomb.o)
    0x0800108c   0x0800108c   0x000000d0   Code   RO          278    .text               c_w.l(_scanf_wstr.o)
    0x0800115c   0x0800115c   0x0000008a   Code   RO          350    .text               c_w.l(lludiv10.o)
    0x080011e6   0x080011e6   0x00000012   Code   RO          352    .text               c_w.l(isspace.o)
    0x080011f8   0x080011f8   0x000000b2   Code   RO          354    .text               c_w.l(_printf_intcommon.o)
    0x080012aa   0x080012aa   0x0000041c   Code   RO          356    .text               c_w.l(_printf_fp_dec.o)
    0x080016c6   0x080016c6   0x00000002   PAD
    0x080016c8   0x080016c8   0x000002fc   Code   RO          360    .text               c_w.l(_printf_fp_hex.o)
    0x080019c4   0x080019c4   0x0000002c   Code   RO          365    .text               c_w.l(_printf_char.o)
    0x080019f0   0x080019f0   0x0000002c   Code   RO          367    .text               c_w.l(_printf_wchar.o)
    0x08001a1c   0x08001a1c   0x0000001c   Code   RO          370    .text               c_w.l(_chval.o)
    0x08001a38   0x08001a38   0x00000374   Code   RO          372    .text               c_w.l(_scanf.o)
    0x08001dac   0x08001dac   0x000004f8   Code   RO          374    .text               c_w.l(scanf_fp.o)
    0x080022a4   0x080022a4   0x0000001e   Code   RO          378    .text               c_w.l(_scanf_wcharmap.o)
    0x080022c2   0x080022c2   0x00000040   Code   RO          380    .text               c_w.l(_mbrtoc16.o)
    0x08002302   0x08002302   0x00000048   Code   RO          382    .text               c_w.l(_c16rtomb.o)
    0x0800234a   0x0800234a   0x0000004a   Code   RO          388    .text               c_w.l(sys_stackheap_outer.o)
    0x08002394   0x08002394   0x00000010   Code   RO          390    .text               c_w.l(rt_ctype_table.o)
    0x080023a4   0x080023a4   0x00000008   Code   RO          395    .text               c_w.l(rt_locale_intlibspace.o)
    0x080023ac   0x080023ac   0x00000008   Code   RO          400    .text               c_w.l(rt_errno_addr_intlibspace.o)
    0x080023b4   0x080023b4   0x00000026   Code   RO          402    .text               c_w.l(llshl.o)
    0x080023da   0x080023da   0x00000002   PAD
    0x080023dc   0x080023dc   0x00000080   Code   RO          404    .text               c_w.l(_printf_fp_infnan.o)
    0x0800245c   0x0800245c   0x000000e4   Code   RO          406    .text               c_w.l(bigflt0.o)
    0x08002540   0x08002540   0x00000012   Code   RO          439    .text               c_w.l(exit.o)
    0x08002552   0x08002552   0x00000002   PAD
    0x08002554   0x08002554   0x00000008   Code   RO          478    .text               c_w.l(libspace.o)
    0x0800255c   0x0800255c   0x00000016   Code   RO          485    .text               c_w.l(_rserrno.o)
    0x08002572   0x08002572   0x00000002   PAD
    0x08002574   0x08002574   0x00000320   Code   RO          487    .text               c_w.l(scanf_hexfp.o)
    0x08002894   0x08002894   0x00000134   Code   RO          489    .text               c_w.l(scanf_infnan.o)
    0x080029c8   0x080029c8   0x00000002   Code   RO          512    .text               c_w.l(use_no_semi.o)
    0x080029ca   0x080029ca   0x00000000   Code   RO          514    .text               c_w.l(indicate_semi.o)
    0x080029ca   0x080029ca   0x00000002   PAD
    0x080029cc   0x080029cc   0x0000000c   Code   RO          548    .text               c_w.l(sys_exit.o)
    0x080029d8   0x080029d8   0x00000038   Code   RO            4    .text.GPIO_Config   main.o
    0x08002a10   0x08002a10   0x00000058   Code   RO           73    .text.GPIO_Init     gpio.o
    0x08002a68   0x08002a68   0x00000036   Code   RO           71    .text.GPIO_WritePin  gpio.o
    0x08002a9e   0x08002a9e   0x00000002   PAD
    0x08002aa0   0x08002aa0   0x00000052   Code   RO           86    .text.SysTick_Config  sys_init.o
    0x08002af2   0x08002af2   0x00000002   PAD
    0x08002af4   0x08002af4   0x00000010   Code   RO           82    .text.SysTick_Handler  sys_init.o
    0x08002b04   0x08002b04   0x00000012   Code   RO          138    .text.SystemInit    system_stm32f4xx.o
    0x08002b16   0x08002b16   0x00000002   PAD
    0x08002b18   0x08002b18   0x00000056   Code   RO            6    .text.TIM6Config    main.o
    0x08002b6e   0x08002b6e   0x00000002   PAD
    0x08002b70   0x08002b70   0x00000052   Code   RO           12    .text.TIM6_DAC_IRQHandler  main.o
    0x08002bc2   0x08002bc2   0x00000002   PAD
    0x08002bc4   0x08002bc4   0x000000a2   Code   RO          116    .text.UART2_Config  usart.o
    0x08002c66   0x08002c66   0x00000002   PAD
    0x08002c68   0x08002c68   0x000000a2   Code   RO          118    .text.UART4_Config  usart.o
    0x08002d0a   0x08002d0a   0x00000002   PAD
    0x08002d0c   0x08002d0c   0x000000b0   Code   RO           18    .text.UART4_IRQHandler  main.o
    0x08002dbc   0x08002dbc   0x000000d0   Code   RO          120    .text.UART5_Config  usart.o
    0x08002e8c   0x08002e8c   0x00000096   Code   RO           20    .text.UART5_IRQHandler  main.o
    0x08002f22   0x08002f22   0x00000002   PAD
    0x08002f24   0x08002f24   0x000000f4   Code   RO           22    .text.UART5toUART4  main.o
    0x08003018   0x08003018   0x00000024   Code   RO          108    .text.UART_GetChar  usart.o
    0x0800303c   0x0800303c   0x00000024   Code   RO          104    .text.UART_SendChar  usart.o
    0x08003060   0x08003060   0x00000028   Code   RO          112    .text.UART_SendString  usart.o
    0x08003088   0x08003088   0x00000028   Code   RO           16    .text.USART2_IRQHandler  main.o
    0x080030b0   0x080030b0   0x00000030   Code   RO            8    .text.__NVIC_EnableIRQ  main.o
    0x080030e0   0x080030e0   0x00000042   Code   RO           26    .text.__NVIC_SetPriority  main.o
    0x08003122   0x08003122   0x00000002   PAD
    0x08003124   0x08003124   0x00000042   Code   RO           92    .text.__NVIC_SetPriority  sys_init.o
    0x08003166   0x08003166   0x00000002   PAD
    0x08003168   0x08003168   0x00000470   Code   RO            2    .text.display       main.o
    0x080035d8   0x080035d8   0x00000070   Code   RO           14    .text.getString     main.o
    0x08003648   0x08003648   0x000000d6   Code   RO           63    .text.initClock     clock.o
    0x0800371e   0x0800371e   0x00000002   PAD
    0x08003720   0x08003720   0x00000242   Code   RO           24    .text.main          main.o
    0x08003962   0x08003962   0x00000002   PAD
    0x08003964   0x08003964   0x00000030   Code   RO           90    .text.ms_delay      sys_init.o
    0x08003994   0x08003994   0x000003f0   Code   RO           10    .text.parseString   main.o
    0x08003d84   0x08003d84   0x00000010   Code   RO           84    .text.sysInit       sys_init.o
    0x08003d94   0x08003d94   0x0000003e   Code   RO          409    CL$$btod_d2e        c_w.l(btod.o)
    0x08003dd2   0x08003dd2   0x00000046   Code   RO          411    CL$$btod_d2e_denorm_low  c_w.l(btod.o)
    0x08003e18   0x08003e18   0x00000060   Code   RO          410    CL$$btod_d2e_norm_op1  c_w.l(btod.o)
    0x08003e78   0x08003e78   0x00000338   Code   RO          419    CL$$btod_div_common  c_w.l(btod.o)
    0x080041b0   0x080041b0   0x00000084   Code   RO          417    CL$$btod_e2d        c_w.l(btod.o)
    0x08004234   0x08004234   0x000000dc   Code   RO          416    CL$$btod_e2e        c_w.l(btod.o)
    0x08004310   0x08004310   0x0000002a   Code   RO          413    CL$$btod_ediv       c_w.l(btod.o)
    0x0800433a   0x0800433a   0x0000002a   Code   RO          415    CL$$btod_edivd      c_w.l(btod.o)
    0x08004364   0x08004364   0x0000002a   Code   RO          412    CL$$btod_emul       c_w.l(btod.o)
    0x0800438e   0x0800438e   0x0000002a   Code   RO          414    CL$$btod_emuld      c_w.l(btod.o)
    0x080043b8   0x080043b8   0x00000244   Code   RO          418    CL$$btod_mult_common  c_w.l(btod.o)
    0x080045fc   0x080045fc   0x00000030   Code   RO          464    i.__ARM_fpclassify  m_wm.l(fpclassify.o)
    0x0800462c   0x0800462c   0x00000004   PAD
    0x08004630   0x08004630   0x000000f8   Code   RO          466    i.__hardfp___mathlib_tofloat  m_wm.l(narrow.o)
    0x08004728   0x08004728   0x000000d0   Code   RO          540    i.__hardfp_ldexp    m_wm.l(ldexp.o)
    0x080047f8   0x080047f8   0x00000020   Code   RO          567    i.__mathlib_dbl_overflow  m_wm.l(dunder.o)
    0x08004818   0x08004818   0x00000020   Code   RO          569    i.__mathlib_dbl_underflow  m_wm.l(dunder.o)
    0x08004838   0x08004838   0x00000012   Code   RO          467    i.__mathlib_narrow  m_wm.l(narrow.o)
    0x0800484a   0x0800484a   0x00000014   Code   RO          542    i.__support_ldexp   m_wm.l(ldexp.o)
    0x0800485e   0x0800485e   0x0000000e   Code   RO          231    i._is_digit         c_w.l(__printf_wp.o)
    0x0800486c   0x0800486c   0x00000004   PAD
    0x08004870   0x08004870   0x0000008c   Code   RO          508    i.frexp             m_wm.l(frexp.o)
    0x080048fc   0x080048fc   0x0000002c   Code   RO          437    locale$$code        c_w.l(lc_numeric_c.o)
    0x08004928   0x08004928   0x0000002c   Code   RO          494    locale$$code        c_w.l(lc_ctype_c.o)
    0x08004954   0x08004954   0x00000062   Code   RO          500    x$fpl$d2f           fz_wm.l(d2f.o)
    0x080049b6   0x080049b6   0x00000002   PAD
    0x080049b8   0x080049b8   0x00000010   Code   RO          605    x$fpl$dcheck1       fz_wm.l(dcheck1.o)
    0x080049c8   0x080049c8   0x00000018   Code   RO          530    x$fpl$dcmpinf       fz_wm.l(dcmpi.o)
    0x080049e0   0x080049e0   0x00000078   Code   RO          502    x$fpl$deqf          fz_wm.l(deqf.o)
    0x08004a58   0x08004a58   0x00000078   Code   RO          532    x$fpl$dleqf         fz_wm.l(dleqf.o)
    0x08004ad0   0x08004ad0   0x00000154   Code   RO          534    x$fpl$dmul          fz_wm.l(dmul.o)
    0x08004c24   0x08004c24   0x0000009c   Code   RO          536    x$fpl$dnaninf       fz_wm.l(dnaninf.o)
    0x08004cc0   0x08004cc0   0x0000000c   Code   RO          559    x$fpl$dretinf       fz_wm.l(dretinf.o)
    0x08004ccc   0x08004ccc   0x0000006c   Code   RO          504    x$fpl$drleqf        fz_wm.l(drleqf.o)
    0x08004d38   0x08004d38   0x0000001a   Code   RO          386    x$fpl$fpinit        fz_wm.l(fpinit.o)
    0x08004d52   0x08004d52   0x0000000a   Code   RO          538    x$fpl$fretinf       fz_wm.l(fretinf.o)
    0x08004d5c   0x08004d5c   0x00000006   Code   RO          455    x$fpl$ieeestatus    fz_wm.l(istatus.o)
    0x08004d62   0x08004d62   0x00000004   Code   RO          325    x$fpl$printf1       fz_wm.l(printf1.o)
    0x08004d66   0x08004d66   0x00000004   Code   RO          327    x$fpl$printf2       fz_wm.l(printf2.o)
    0x08004d6a   0x08004d6a   0x00000064   Code   RO          627    x$fpl$retnan        fz_wm.l(retnan.o)
    0x08004dce   0x08004dce   0x0000005c   Code   RO          561    x$fpl$scalbn        fz_wm.l(scalbn.o)
    0x08004e2a   0x08004e2a   0x00000004   Code   RO          333    x$fpl$scanf1        fz_wm.l(scanf1.o)
    0x08004e2e   0x08004e2e   0x00000008   Code   RO          457    x$fpl$scanf2        fz_wm.l(scanf2.o)
    0x08004e36   0x08004e36   0x00000030   Code   RO          629    x$fpl$trapveneer    fz_wm.l(trapv.o)
    0x08004e66   0x08004e66   0x00000000   Code   RO          463    x$fpl$usenofp       fz_wm.l(usenofp.o)
    0x08004e66   0x08004e66   0x00000002   PAD
    0x08004e68   0x08004e68   0x00000008   Data   RO          190    .constdata          c_w.l(_printf_wctomb.o)
    0x08004e70   0x08004e70   0x00000028   Data   RO          219    .constdata          c_w.l(_printf_hex_int_ll_ptr.o)
    0x08004e98   0x08004e98   0x00000011   Data   RO          239    .constdata          c_w.l(__printf_flags_ss_wp.o)
    0x08004ea9   0x08004ea9   0x00000026   Data   RO          361    .constdata          c_w.l(_printf_fp_hex.o)
    0x08004ecf   0x08004ecf   0x00000001   PAD
    0x08004ed0   0x08004ed0   0x00000094   Data   RO          407    .constdata          c_w.l(bigflt0.o)
    0x08004f64   0x08004f64   0x00000134   Data   RO           32    .rodata.str1.1      main.o
    0x08005098   0x08005098   0x00000020   Data   RO          632    Region$$Table       anon$$obj.o
    0x080050b8   0x080050b8   0x00000008   Data   RO          451    c$$dinf             fz_wm.l(fpconst.o)
    0x080050c0   0x080050c0   0x00000008   Data   RO          454    c$$dmax             fz_wm.l(fpconst.o)
    0x080050c8   0x080050c8   0x0000001c   Data   RO          436    locale$$data        c_w.l(lc_numeric_c.o)
    0x080050e4   0x080050e4   0x00000110   Data   RO          493    locale$$data        c_w.l(lc_ctype_c.o)


    Execution Region ER_RW (Exec base: 0x20000000, Load base: 0x080051f4, Size: 0x00000034, Max: 0xffffffff, ABSOLUTE)

    Exec Addr    Load Addr    Size         Type   Attr      Idx    E Section Name        Object

    0x20000000   0x080051f4   0x00000004   Data   RW           41    .data.G1            main.o
    0x20000004   0x080051f8   0x00000004   Data   RW           45    .data.G2            main.o
    0x20000008   0x080051fc   0x00000004   Data   RW           43    .data.R1            main.o
    0x2000000c   0x08005200   0x00000004   Data   RW           47    .data.R2            main.o
    0x20000010   0x08005204   0x00000004   Data   RW           44    .data.T1            main.o
    0x20000014   0x08005208   0x00000004   Data   RW           48    .data.T2            main.o
    0x20000018   0x0800520c   0x00000004   Data   RW           42    .data.Y1            main.o
    0x2000001c   0x08005210   0x00000004   Data   RW           46    .data.Y2            main.o
    0x20000020   0x08005214   0x00000008   Data   RW           28    .data.display.prevState  main.o
    0x20000028   0x0800521c   0x00000008   Data   RW           29    .data.display.prevTime  main.o
    0x20000030   0x08005224   0x00000004   Data   RW           49    .data.in            main.o


    Execution Region ER_ZI (Exec base: 0x20000038, Load base: 0x08005228, Size: 0x00000838, Max: 0xffffffff, ABSOLUTE)

    Exec Addr    Load Addr    Size         Type   Attr      Idx    E Section Name        Object

    0x20000038        -       0x000000e4   Zero   RW          159    .bss                c_w.l(rand.o)
    0x2000011c        -       0x00000060   Zero   RW          479    .bss                c_w.l(libspace.o)
    0x2000017c        -       0x00000001   Zero   RW           38    .bss.ch1            main.o
    0x2000017d        -       0x00000001   Zero   RW           39    .bss.ch2            main.o
    0x2000017e        -       0x00000001   Zero   RW           40    .bss.ch3            main.o
    0x2000017f   0x08005228   0x00000001   PAD
    0x20000180        -       0x00000004   Zero   RW           51    .bss.flag           main.o
    0x20000184        -       0x00000004   Zero   RW           33    .bss.i              main.o
    0x20000188        -       0x00000004   Zero   RW           54    .bss.in_idx         main.o
    0x2000018c        -       0x00000032   Zero   RW           50    .bss.input_buff     main.o
    0x200001be   0x08005228   0x00000002   PAD
    0x200001c0        -       0x00000004   Zero   RW           94    .bss.msTicks        sys_init.o
    0x200001c4        -       0x00000004   Zero   RW           53    .bss.out_idx        main.o
    0x200001c8        -       0x00000032   Zero   RW           52    .bss.output_buff    main.o
    0x200001fa        -       0x00000014   Zero   RW           34    .bss.s1             main.o
    0x2000020e        -       0x00000014   Zero   RW           35    .bss.s2             main.o
    0x20000222        -       0x00000014   Zero   RW           36    .bss.s3             main.o
    0x20000236        -       0x00000032   Zero   RW           31    .bss.str            main.o
    0x20000268        -       0x00000004   Zero   RW           30    .bss.totaltime      main.o
    0x2000026c        -       0x00000004   Zero   RW           37    .bss.trf            main.o
    0x20000270        -       0x00000200   Zero   RW          129    HEAP                startup_stm32f446xx.o
    0x20000470        -       0x00000400   Zero   RW          128    STACK               startup_stm32f446xx.o


==============================================================================

Image component sizes


      Code (inc. data)   RO Data    RW Data    ZI Data      Debug   Object Name

       214          0          0          0          0       1761   clock.o
       142          0          0          0          0       1582   gpio.o
      3782          0        308         52        237       8927   main.o
        64         26        452          0       1536        880   startup_stm32f446xx.o
       228          0          0          0          4       4642   sys_init.o
        18          0          0          0          0       2722   system_stm32f4xx.o
       644          0          0          0          0       3637   usart.o

    ----------------------------------------------------------------------
      5116         26        792         52       1780      24151   Object Totals
         0          0         32          0          0          0   (incl. Generated)
        24          0          0          0          3          0   (incl. Padding)

    ----------------------------------------------------------------------

      Code (inc. data)   RO Data    RW Data    ZI Data      Debug   Library Member Name

         8          0          0          0          0         68   __main.o
       392          4         17          0          0         92   __printf_flags_ss_wp.o
        14          0          0          0          0         68   __printf_wp.o
         0          0          0          0          0          0   __rtentry.o
        12          0          0          0          0          0   __rtentry2.o
         6          0          0          0          0          0   __rtentry4.o
        52          8          0          0          0          0   __scatter.o
        26          0          0          0          0          0   __scatter_copy.o
        28          0          0          0          0          0   __scatter_zi.o
        72          0          0          0          0         96   _c16rtomb.o
        28          0          0          0          0         68   _chval.o
        64          0          0          0          0         84   _mbrtoc16.o
         6          0          0          0          0          0   _printf_a.o
         6          0          0          0          0          0   _printf_c.o
        44          0          0          0          0        108   _printf_char.o
        48          6          0          0          0         96   _printf_char_common.o
        40          0          0          0          0         68   _printf_charcount.o
         6          0          0          0          0          0   _printf_d.o
       120         16          0          0          0         92   _printf_dec.o
         6          0          0          0          0          0   _printf_e.o
         6          0          0          0          0          0   _printf_f.o
      1052          0          0          0          0        148   _printf_fp_dec.o
       764          8         38          0          0        100   _printf_fp_hex.o
       128         16          0          0          0         84   _printf_fp_infnan.o
         6          0          0          0          0          0   _printf_g.o
       148          4         40          0          0        160   _printf_hex_int_ll_ptr.o
         6          0          0          0          0          0   _printf_i.o
       178          0          0          0          0         88   _printf_intcommon.o
        10          0          0          0          0          0   _printf_l.o
         6          0          0          0          0          0   _printf_lc.o
        10          0          0          0          0          0   _printf_ll.o
         6          0          0          0          0          0   _printf_lld.o
         6          0          0          0          0          0   _printf_lli.o
         6          0          0          0          0          0   _printf_llo.o
         6          0          0          0          0          0   _printf_llu.o
         6          0          0          0          0          0   _printf_llx.o
       124         16          0          0          0         92   _printf_longlong_dec.o
         6          0          0          0          0          0   _printf_ls.o
         6          0          0          0          0          0   _printf_n.o
         6          0          0          0          0          0   _printf_o.o
       112          8          0          0          0        124   _printf_oct_int_ll.o
         6          0          0          0          0          0   _printf_p.o
        78          0          0          0          0        108   _printf_pad.o
         0          0          0          0          0          0   _printf_percent.o
         4          0          0          0          0          0   _printf_percent_end.o
         6          0          0          0          0          0   _printf_s.o
        82          0          0          0          0         80   _printf_str.o
        36          0          0          0          0         84   _printf_truncate.o
         6          0          0          0          0          0   _printf_u.o
        44          0          0          0          0        108   _printf_wchar.o
       188          6          8          0          0         92   _printf_wctomb.o
         6          0          0          0          0          0   _printf_x.o
        22          0          0          0          0        100   _rserrno.o
       884          6          0          0          0        100   _scanf.o
       332          0          0          0          0         96   _scanf_int.o
       342          0          0          0          0        100   _scanf_longlong.o
       276          0          0          0          0        100   _scanf_mbtowc.o
       224          0          0          0          0         96   _scanf_str.o
        30          0          0          0          0         76   _scanf_wcharmap.o
       232          0          0          0          0        100   _scanf_wctomb.o
       208          0          0          0          0         96   _scanf_wstr.o
        64          0          0          0          0         84   _sgetc.o
        10          0          0          0          0         68   _sputc.o
       228          4        148          0          0         96   bigflt0.o
      2152        136          0          0          0        956   btod.o
        18          0          0          0          0         80   exit.o
         6          0          0          0          0        152   heapauxi.o
         0          0          0          0          0          0   indicate_semi.o
        18          0          0          0          0         76   isspace.o
        44         10        272          0          0         76   lc_ctype_c.o
        44         10         28          0          0         76   lc_numeric_c.o
         2          0          0          0          0          0   libinit.o
        38          0          0          0          0          0   libinit2.o
         2          0          0          0          0          0   libshutdown.o
         2          0          0          0          0          0   libshutdown2.o
         8          4          0          0         96         68   libspace.o
        38          0          0          0          0         68   llshl.o
       138          0          0          0          0         80   lludiv10.o
       112         18          0          0        228        160   rand.o
        16          4          0          0          0         76   rt_ctype_table.o
         8          4          0          0          0         68   rt_errno_addr_intlibspace.o
         8          4          0          0          0         68   rt_locale_intlibspace.o
         2          0          0          0          0          0   rtexit.o
        10          0          0          0          0          0   rtexit2.o
        44          8          0          0          0         84   scanf_char.o
      1272         16          0          0          0        168   scanf_fp.o
       800         14          0          0          0        100   scanf_hexfp.o
       308         16          0          0          0        100   scanf_infnan.o
        44          6          0          0          0         84   sprintf.o
        60          8          0          0          0         84   sscanf.o
       124          0          0          0          0         88   strcmpv7em.o
        72          0          0          0          0         80   strcpy.o
        62          0          0          0          0         76   strlen.o
        12          4          0          0          0         68   sys_exit.o
        74          0          0          0          0         80   sys_stackheap_outer.o
         2          0          0          0          0         68   use_no_semi.o
        98          4          0          0          0        140   d2f.o
        16          4          0          0          0        116   dcheck1.o
        24          0          0          0          0        116   dcmpi.o
       120          4          0          0          0        140   deqf.o
       120          4          0          0          0        140   dleqf.o
       340         12          0          0          0        152   dmul.o
       156          4          0          0          0        140   dnaninf.o
        12          0          0          0          0        116   dretinf.o
       108          0          0          0          0        128   drleqf.o
         0          0         16          0          0          0   fpconst.o
        26          0          0          0          0        116   fpinit.o
        10          0          0          0          0        116   fretinf.o
         6          0          0          0          0        116   istatus.o
         4          0          0          0          0        116   printf1.o
         4          0          0          0          0        116   printf2.o
       100          0          0          0          0        116   retnan.o
        92          0          0          0          0        116   scalbn.o
         4          0          0          0          0        116   scanf1.o
         8          0          0          0          0        132   scanf2.o
        48          0          0          0          0        116   trapv.o
         0          0          0          0          0          0   usenofp.o
        64         16          0          0          0        248   dunder.o
        48          0          0          0          0        124   fpclassify.o
       140         22          0          0          0        132   frexp.o
       228          8          0          0          0        308   ldexp.o
       266         16          0          0          0        308   narrow.o

    ----------------------------------------------------------------------
     14504        458        568          0        324       9788   Library Totals
        38          0          1          0          0          0   (incl. Padding)

    ----------------------------------------------------------------------

      Code (inc. data)   RO Data    RW Data    ZI Data      Debug   Library Name

     12424        364        551          0        324       6304   c_w.l
      1296         32         16          0          0       2364   fz_wm.l
       746         62          0          0          0       1120   m_wm.l

    ----------------------------------------------------------------------
     14504        458        568          0        324       9788   Library Totals

    ----------------------------------------------------------------------

==============================================================================


      Code (inc. data)   RO Data    RW Data    ZI Data      Debug   

     19620        484       1360         52       2104      27907   Grand Totals
     19620        484       1360         52       2104      27907   ELF Image Totals
     19620        484       1360         52          0          0   ROM Totals

==============================================================================

    Total RO  Size (Code + RO Data)                20980 (  20.49kB)
    Total RW  Size (RW Data + ZI Data)              2156 (   2.11kB)
    Total ROM Size (Code + RO Data + RW Data)      21032 (  20.54kB)

==============================================================================

